../Core/Src/main.c:114:5:main	8	static
../Core/Src/main.c:199:6:SystemClock_Config	88	static
../Core/Src/main.c:257:13:MX_CAN1_Init	56	static
../Core/Src/main.c:322:13:MX_ETH_Init	8	static
../Core/Src/main.c:371:13:MX_USART3_UART_Init	8	static
../Core/Src/main.c:406:13:MX_USB_OTG_FS_PCD_Init	8	static
../Core/Src/main.c:441:13:MX_GPIO_Init	56	static
../Core/Src/main.c:498:6:StartBlink01	24	static
../Core/Src/main.c:524:6:StartBlink02	16	static
../Core/Src/main.c:544:6:HAL_TIM_PeriodElapsedCallback	16	static
../Core/Src/main.c:561:6:Error_Handler	4	static,ignoring_inline_asm
