../Core/Src/main.c:77:6:ADC1_SELECT_CH3	24	static
../Core/Src/main.c:90:6:ADC1_SELECT_CH10	24	static
../Core/Src/main.c:107:5:main	8	static
../Core/Src/main.c:188:6:SystemClock_Config	88	static
../Core/Src/main.c:246:13:MX_ADC1_Init	24	static
../Core/Src/main.c:307:13:MX_USART3_UART_Init	8	static
../Core/Src/main.c:342:13:MX_USB_OTG_FS_PCD_Init	8	static
../Core/Src/main.c:377:13:MX_GPIO_Init	56	static
../Core/Src/main.c:434:6:StartDefaultTask	88	static
../Core/Src/main.c:491:6:HAL_TIM_PeriodElapsedCallback	16	static
../Core/Src/main.c:508:6:Error_Handler	4	static,ignoring_inline_asm
